[www.bupkis.org/index.html]
[backblue.gif]
[fade.gif]
[index.html]
[www.bupkis.org/wp-content/uploads/challah_cropped-e1612472285967.jpg]
[www.bupkis.org/wp-content/uploads/Pozole-1024x664.jpg]
[fonts.googleapis.com/index.html]
[www.bupkis.org/index.php/feed]
[www.bupkis.org/index.php/comments/feed]
[www.bupkis.org/index.html]
[www.bupkis.org/index.php/friends.html]
[www.bupkis.org/index.php/friends/humans.html]
[fonts.gstatic.com/index.html]
[www.bupkis.org/index.php/friends/russell.html]
[www.bupkis.org/index.php/friends/molson.html]
[www.bupkis.org/index.php/sam.html]
[www.bupkis.org/index.php/sams-dog-food.html]
[www.bupkis.org/index.php/friends/sam.html]
[www.bupkis.org/xmlrpc0db0.php]
[www.bupkis.org/index.php/recipes-2/pizza-index/pizza-dough.html]
[www.bupkis.org/index.php/recipes-2/pizza-index/tomato-sauce.html]
[www.bupkis.org/index.php/recipes-2/sauces/basil-pesto.html]
[www.bupkis.org/index.php/recipes-2/pizza-index/broccoli-garlic-pizza.html]
[www.bupkis.org/index.php/recipes-2/pizza-index/roasted-red-pepper-sausage-mushroom-pizza.html]
[www.bupkis.org/index.php/recipes-2/pizza-index/pesto-garlic-pizza.html]
[www.bupkis.org/index.php/recipes-2/appetizers/gambas-ajillo-garlic-shrimp.html]
[www.bupkis.org/index.php/recipes-2/appetizers/roasted-garlic-and-lemon-hummus.html]
[www.bupkis.org/index.php/recipes-2/appetizers/lemon-garlic-hummus.html]
[www.bupkis.org/index.php/recipes-2/appetizers/guacamole.html]
[www.bupkis.org/index.php/recipes-2/appetizers/awesome-potato-latkes.html]
[www.bupkis.org/index.php/recipes-2/appetizers/shrimp-cocktail.html]
[www.bupkis.org/index.php/beijing-style-moo-shu-pork.html]
[www.bupkis.org/index.php/recipes-2/entrees/baked-stuffed-shells-with-cheese.html]
[fonts.googleapis.com/index.html]
[www.bupkis.org/index.php/recipes-2/entrees/aunt-josies-special-from-aunt-josies-restaurant-syracuse-ny.html]
[www.bupkis.org/index.php/recipes-2/entrees/basil-pesto-penne-with-chicken-and-mushrooms.html]
[www.bupkis.org/index.php/recipes-2/entrees/beef-stew.html]
[www.bupkis.org/index.php/recipes-2/entrees/chicken-andouille-sausage-gumbo-giant-pot.html]
[www.bupkis.org/index.php/recipes-2/entrees/chipotle-garlic-shrimp.html]
[www.bupkis.org/index.php/recipes-2/entrees/chicken-and-smoked-sausage-gumbo.html]
[www.bupkis.org/index.php/recipes-2/entrees/chicken-spiedies.html]
[www.bupkis.org/index.php/emeril-lagasses-rustic-rub-recipe.html]
[fonts.googleapis.com/css58da.css]
[www.bupkis.org/index.php/recipes-2/entrees/falafel-with-tahini-sauce.html]
[www.bupkis.org/index.php/recipes-2/entrees/jewish-corned-beef.html]
[www.bupkis.org/index.php/recipes-2/entrees/my-egg-mcmuffin.html]
[www.bupkis.org/index.php/recipes-2/entrees/oven-fried-baked-falafel.html]
[www.bupkis.org/index.php/recipes-2/entrees/pan-seared-scallops.html]
[www.bupkis.org/index.php/friends.html]
[www.bupkis.org/index.php/recipes-2/entrees/shrimp-on-the-barbie.html]
[www.bupkis.org/index.php/recipes-2/entrees/roasted-chicken-and-potatoes.html]
[www.bupkis.org/index.php/recipes-2/entrees/shrimp-scampi.html]
[www.bupkis.org/index.php/recipes-2/entrees/turkey-burgers.html]
[www.bupkis.org/index.php/recipes-2/entrees/turkey-meatballs.html]
[www.bupkis.org/wp-content/uploads/KitchenBookshelf-1024x815.jpg]
[www.bupkis.org/index.php/friends/humans.html]
[www.bupkis.org/index.php/recipes-2/entrees/turkey-meatballs-5lb-package.html]
[www.bupkis.org/index.php/recipes-2/side-dishes/garlic-rosemary-roasted-potatoes.html]
[www.bupkis.org/index.php/recipes-2/entrees/white-chicken-chili.html]
[www.bupkis.org/index.php/recipes-2/side-dishes/couscous-pine-nuts.html]
[www.bupkis.org/index.php/recipes-2/side-dishes/mashed-potatoes.html]
[www.bupkis.org/index.php/recipes-2/side-dishes/mexican-yellow-rice.html]
[www.bupkis.org/index.php/recipes-2/side-dishes/mexican-yellow-rice-wcorn.html]
[www.bupkis.org/index.php/friends/molson.html]
[www.bupkis.org/index.php/recipes-2/side-dishes/napa-cabbage-kimchi-kimchee.html]
[www.bupkis.org/index.php/recipes-2/side-dishes/roasted-butternut-squash-with-parmesan-lemon-sage.html]
[www.bupkis.org/index.php/recipes-2/side-dishes/roasted-vegetables.html]
[www.bupkis.org/index.php/recipes-2/snacks/kettle-corn.html]
[www.bupkis.org/index.php/friends/russell.html]
[www.bupkis.org/index.php/recipes-2/side-dishes/lokshen-kugel-noodle-kugel.html]
[www.bupkis.org/index.php/sam.html]
[www.bupkis.org/index.php/recipes-2/snacks/movie-theater-popcorn.html]
[www.bupkis.org/index.php/recipes-2/snacks/popcorn-salt.html]
[www.bupkis.org/index.php/tamales-with-vegetable-oil-instead-of-lard.html]
[www.bupkis.org/index.php/recipes-2/favorites/spectacular-homemade-bread-without-a-dough-mixer.html]
[www.bupkis.org/index.php/recipes-2/favorites/banana-bread.html]
[www.bupkis.org/wp-content/uploads/Sammi-Snoozin.png]
[www.bupkis.org/index.php/recipes-2/favorites/spoon-bread.html]
[www.bupkis.org/index.php/recipes-2/favorites/crusty-italian-bread.html]
[www.bupkis.org/index.php/recipes-2/favorites/ciabatta-bread.html]
[www.bupkis.org/index.php/recipes-2/favorites/challah.html]
[www.bupkis.org/index.php/recipes-2/favorites/popovers-makes-6.html]
[www.bupkis.org/wp-content/uploads/Sammi-Snoozin-1024x797.png]
[www.bupkis.org/index.php/recipes-2/sauces/fresh-ground-horseradish.html]
[www.bupkis.org/index.php/recipes-2/sauces/cucumber-yogurt-sauce.html]
[www.bupkis.org/index.php/alton-browns-taco-potion-19.html]
[www.bupkis.org/index.php/spicy-barbecue-sauce.html]
[www.bupkis.org/index.php/guinness-and-chili-garlic-mustard.html]
[www.bupkis.org/index.php/friends/sam.html]
[www.bupkis.org/index.php/recipes-2/guinness-horseradish-and-sriracha-mustard.html]
[www.bupkis.org/index.php/recipes-2/sauces/whipped-cream.html]
[www.bupkis.org/index.php/recipes-2/soups-2/16-bean-soup-with-bacon.html]
[www.bupkis.org/index.php/recipes-2/soups-2/bean-and-sausage-soup.html]
[www.bupkis.org/index.php/recipes-2/soups-2/bean-and-sausage-soup-pressure-cooker.html]
[www.bupkis.org/wp-content/uploads/sammi-sleeping-on-couch.jpg]
[www.bupkis.org/index.php/recipes-2/soups-2/black-bean-soup.html]
[www.bupkis.org/index.php/recipes-2/soups-2/chicken-pastina-soup-with-escarole.html]
[www.bupkis.org/index.php/recipes-2/soups-2/black-beans-and-rice.html]
[www.bupkis.org/index.php/recipes-2/soups-2/butternut-squash-soup.html]
[www.bupkis.org/index.php/recipes-2/soups-2/the-best-chicken-soup-in-the-world.html]
[www.bupkis.org/index.php/recipes-2/soups-2/matzo-balls.html]
[www.bupkis.org/index.php/recipes-2/soups-2/chicken-soup-pressure-cooker.html]
[www.bupkis.org/index.php/recipes-2/soups-2/chicken-soup-shhh-dont-tell.html]
[www.bupkis.org/index.php/recipes-2/soups-2/cream-of-mushroom-soup-with-sausage-and-barley.html]
[www.bupkis.org/index.php/recipes-2/soups-2/matzoh-meal-recipe-how-to-make-matzoh-meal.html]
[www.bupkis.org/index.php/recipes-2/soups-2/potato-leek-soup.html]
[www.bupkis.org/index.php/recipes-2/soups-2/lentil-and-italian-sausage-soup-pressure-cooker.html]
[www.bupkis.org/index.php/recipes-2/soups-2/french-onion-soup-gratinee.html]
[www.bupkis.org/index.php/recipes-2/soups-2/sams-club-leftover-chicken-soup-with-matzoh-balls.html]
[www.bupkis.org/index.php/recipes-2/soups-2/lemon-chicken-and-rice-soup.html]
[www.bupkis.org/index.php/sams-dog-food.html]
[www.bupkis.org/index.php/recipes-2/soups-2/italian-sausage-potato-and-kale-soup-olive-garden-zuppa-toscana.html]
[www.bupkis.org/index.php/recipes-2/soups-2/turkey-sausage-white-bean-and-butternut-squash-soup.html]
[www.bupkis.org/index.php/make-your-own-sushi/gyoza-dipping-sauce.html]
[www.bupkis.org/index.php/buying-sashimi-grade-fish.html]
[www.bupkis.org/wp-content/uploads/tc-big-pizza-transparentBG1.png]
[www.bupkis.org/index.php/sushi-rice.html]
[www.bupkis.org/index.php/make-your-own-sushi/seasoned-vinegar.html]
[www.bupkis.org/index.php/seared-tuna-garlic-chipotle.html]
[www.bupkis.org/index.php/recipes-2/drinks/coffee-freshly-ground-freshly-brewed.html]
[www.bupkis.org/wp-content/uploads/tc-pizza-transparentBG-300x168.png]
[www.bupkis.org/index.php/recipes-2/pizza-index/pizza-dough.html]
[www.bupkis.org/index.php/egg-cream-home-made-chocolate-soda.html]
[www.bupkis.org/index.php/recipes-2/drinks/great-party-sangria.html]
[www.bupkis.org/index.php/recipes-2/dessert/chocolate-chunk-cookies.html]
[www.bupkis.org/index.php/recipes-2/dessert/hamentashen.html]
[www.bupkis.org/index.php/got-cpap.html]
[www.bupkis.org/index.php/about-this-website.html]
[www.bupkis.org/index.php/recipes-2/pizza-index/tomato-sauce.html]
[www.bupkis.org/index.php/what-is-bupkis.html]
[www.bupkis.org/index.php/recipes-2/sauces/basil-pesto.html]
[www.bupkis.org/index.php/recipes-2/pizza-index/broccoli-garlic-pizza.html]
[www.bupkis.org/index.php/friends/molson/russell.html]
[www.bupkis.org/wp-content/uploads/tc-big-pizza-transparentBG.png]
[www.bupkis.org/index.php/recipes-2/pizza-index/roasted-red-pepper-sausage-mushroom-pizza.html]
[www.bupkis.org/index.php/recipes-2/pizza-index/pesto-garlic-pizza.html]
[www.bupkis.org/index.php/recipes-2/appetizers/gambas-ajillo-garlic-shrimp.html]
[www.bupkis.org/index.php/recipes-2/appetizers/guacamole.html]
[www.bupkis.org/index.php/recipes-2/appetizers/lemon-garlic-hummus.html]
[www.bupkis.org/index.php/recipes-2/appetizers/roasted-garlic-and-lemon-hummus.html]
[www.bupkis.org/index.php/recipes-2/appetizers/awesome-potato-latkes.html]
[www.bupkis.org/index.php/recipes-2/appetizers/shrimp-cocktail.html]
[www.bupkis.org/index.php/beijing-style-moo-shu-pork.html]
[www.bupkis.org/index.php/recipes-2/entrees/aunt-josies-special-from-aunt-josies-restaurant-syracuse-ny.html]
[www.bupkis.org/wp-content/uploads/BakedStuffedShells.jpg]
[www.bupkis.org/index.php/recipes-2/entrees/baked-stuffed-shells-with-cheese.html]
[www.bupkis.org/index.php/recipes-2/entrees/basil-pesto-penne-with-chicken-and-mushrooms.html]
[www.bupkis.org/index.php/recipes-2/entrees/beef-stew.html]
[www.bupkis.org/index.php/recipes-2/entrees/chicken-andouille-sausage-gumbo-giant-pot.html]
[www.bupkis.org/index.php/recipes-2/entrees/chicken-and-smoked-sausage-gumbo.html]
[www.bupkis.org/index.php/recipes-2/entrees/chipotle-garlic-shrimp.html]
[www.bupkis.org/index.php/recipes-2/entrees/chicken-spiedies.html]
[www.bupkis.org/index.php/emeril-lagasses-rustic-rub-recipe.html]
[www.bupkis.org/wp-content/uploads/P1010251_2.jpg]
[www.bupkis.org/wp-content/uploads/P1010251_2-300x225.jpg]
[www.bupkis.org/index.php/recipes-2/entrees/falafel-with-tahini-sauce.html]
[www.bupkis.org/index.php/recipes-2/entrees/jewish-corned-beef.html]
[www.bupkis.org/index.php/recipes-2/entrees/oven-fried-baked-falafel.html]
[www.bupkis.org/index.php/recipes-2/sauces/tahini-sauce.html]
[www.bupkis.org/index.php/recipes-2/entrees/my-egg-mcmuffin.html]
[www.bupkis.org/index.php/recipes-2/entrees/pan-seared-scallops.html]
[www.bupkis.org/index.php/recipes-2/entrees/roasted-chicken-and-potatoes.html]
[www.bupkis.org/index.php/recipes-2/entrees/shrimp-on-the-barbie.html]
[www.bupkis.org/index.php/recipes-2/entrees/shrimp-scampi.html]
[www.bupkis.org/index.php/recipes-2/entrees/turkey-burgers.html]
[www.bupkis.org/index.php/recipes-2/entrees/turkey-meatballs.html]
[www.bupkis.org/index.php/recipes-2/entrees/turkey-meatballs-5lb-package.html]
[www.bupkis.org/index.php/recipes-2/entrees/white-chicken-chili.html]
[www.bupkis.org/index.php/recipes-2/side-dishes/couscous-pine-nuts.html]
[www.bupkis.org/index.php/recipes-2/side-dishes/garlic-rosemary-roasted-potatoes.html]
[www.bupkis.org/index.php/recipes-2/side-dishes/mashed-potatoes.html]
[www.bupkis.org/index.php/recipes-2/side-dishes/mexican-yellow-rice.html]
[www.bupkis.org/index.php/recipes-2/side-dishes/mexican-yellow-rice-wcorn.html]
[www.bupkis.org/index.php/recipes-2/side-dishes/napa-cabbage-kimchi-kimchee.html]
[www.bupkis.org/index.php/recipes-2/side-dishes/lokshen-kugel-noodle-kugel.html]
[www.bupkis.org/index.php/recipes-2/side-dishes/roasted-butternut-squash-with-parmesan-lemon-sage.html]
[www.bupkis.org/index.php/recipes-2/side-dishes/roasted-vegetables.html]
[www.bupkis.org/index.php/recipes-2/snacks/kettle-corn.html]
[www.bupkis.org/index.php/recipes-2/snacks/movie-theater-popcorn.html]
[www.bupkis.org/index.php/recipes-2/snacks/popcorn-salt.html]
[www.bupkis.org/index.php/tamales-with-vegetable-oil-instead-of-lard.html]
[www.bupkis.org/wp-content/uploads/IMG_20200601_180556974-scaled-e1606330597116.jpg]
[www.bupkis.org/index.php/recipes-2/favorites/spectacular-homemade-bread-without-a-dough-mixer.html]
[www.bupkis.org/index.php/recipes-2/favorites/banana-bread.html]
[www.bupkis.org/wp-content/uploads/CrustyItalianLoaf.jpg]
[www.bupkis.org/wp-content/uploads/CrumbShot.jpg]
[www.bupkis.org/index.php/recipes-2/favorites/crusty-italian-bread.html]
[www.bupkis.org/wp-content/uploads/challah_cropped.jpg]
[www.bupkis.org/wp-content/uploads/challah_cropped-1024x292.jpg]
[www.bupkis.org/index.php/recipes-2/favorites/challah.html]
[www.bupkis.org/index.php/recipes-2/favorites/ciabatta-bread.html]
[www.bupkis.org/index.php/recipes-2/favorites/spoon-bread.html]
[www.bupkis.org/wp-content/uploads/popover_hand_800.jpg]
[www.bupkis.org/index.php/recipes-2/favorites/popovers-makes-6.html]
[www.bupkis.org/index.php/alton-browns-taco-potion-19.html]
[www.bupkis.org/index.php/recipes-2/sauces/cucumber-yogurt-sauce.html]
[www.bupkis.org/index.php/spicy-barbecue-sauce.html]
[www.bupkis.org/index.php/recipes-2/sauces/fresh-ground-horseradish.html]
[www.bupkis.org/wp-content/uploads/chili_garlic_mustard-300x277.jpg]
[www.bupkis.org/index.php/guinness-and-chili-garlic-mustard.html]
[www.bupkis.org/index.php/recipes-2/guinness-horseradish-and-sriracha-mustard.html]
[www.bupkis.org/index.php/recipes-2/sauces/whipped-cream.html]
[www.bupkis.org/index.php/recipes-2/soups-2/16-bean-soup-with-bacon.html]
[www.bupkis.org/index.php/recipes-2/soups-2/bean-and-sausage-soup.html]
[www.bupkis.org/index.php/recipes-2/soups-2/bean-and-sausage-soup-pressure-cooker.html]
[www.bupkis.org/index.php/recipes-2/soups-2/black-bean-soup.html]
[www.bupkis.org/index.php/recipes-2/soups-2/black-beans-and-rice.html]
[www.bupkis.org/index.php/recipes-2/soups-2/butternut-squash-soup.html]
[www.bupkis.org/index.php/recipes-2/soups-2/chicken-pastina-soup-with-escarole.html]
[www.bupkis.org/index.php/recipes-2/soups-2/the-best-chicken-soup-in-the-world.html]
[www.bupkis.org/index.php/recipes-2/soups-2/chicken-soup-pressure-cooker.html]
[www.bupkis.org/index.php/recipes-2/soups-2/chicken-soup-shhh-dont-tell.html]
[www.bupkis.org/index.php/recipes-2/soups-2/matzo-balls.html]
[www.bupkis.org/index.php/recipes-2/soups-2/matzoh-meal-recipe-how-to-make-matzoh-meal.html]
[www.bupkis.org/index.php/recipes-2/soups-2/cream-of-mushroom-soup-with-sausage-and-barley.html]
[www.bupkis.org/index.php/recipes-2/soups-2/french-onion-soup-gratinee.html]
[www.bupkis.org/index.php/recipes-2/soups-2/lemon-chicken-and-rice-soup.html]
[www.bupkis.org/index.php/recipes-2/soups-2/lentil-and-italian-sausage-soup-pressure-cooker.html]
[www.bupkis.org/index.php/recipes-2/soups-2/potato-leek-soup.html]
[www.bupkis.org/index.php/recipes-2/soups-2/sams-club-leftover-chicken-soup-with-matzoh-balls.html]
[www.bupkis.org/index.php/recipes-2/soups-2/turkey-sausage-white-bean-and-butternut-squash-soup.html]
[www.bupkis.org/index.php/recipes-2/soups-2/italian-sausage-potato-and-kale-soup-olive-garden-zuppa-toscana.html]
[www.bupkis.org/index1c11.html]
[www.bupkis.org/wp-content/uploads/terry_carmen_sushi-1024x531.jpg]
[www.bupkis.org/index.php/buying-sashimi-grade-fish.html]
[www.bupkis.org/index.php/make-your-own-sushi/gyoza-dipping-sauce.html]
[www.bupkis.org/index.php/seared-tuna-garlic-chipotle.html]
[www.bupkis.org/index.php/make-your-own-sushi/seasoned-vinegar.html]
[www.bupkis.org/index.php/sushi-rice.html]
[www.bupkis.org/index.php/recipes-2/drinks/coffee-freshly-ground-freshly-brewed/feed]
[www.bupkis.org/index.php/recipes-2/drinks/coffee-freshly-ground-freshly-brewed.html]
[www.bupkis.org/wp-content/uploads/IMG_20170408_161219-579x1024.jpg]
[www.bupkis.org/index.php/egg-cream-home-made-chocolate-soda.html]
[www.bupkis.org/index.php/recipes-2/drinks/great-party-sangria.html]
[www.bupkis.org/index.php/recipes-2/dessert/chocolate-chunk-cookies.html]
[www.bupkis.org/wp-content/uploads/h93Xaksl.jpg]
[www.bupkis.org/index.php/recipes-2/dessert/hamentashen.html]
[www.bupkis.org/index.php/got-cpap.html]
[www.bupkis.org/wp-content/uploads/cpap_comic.jpg]
[www.bupkis.org/index.php/what-is-bupkis.html]
[www.bupkis.org/index.php/epworth-sleepiness-test.html]
[www.bupkis.org/index.php/about-this-website.html]
[www.bupkis.org/indexd030.html]
[www.bupkis.org/indexd7dd.html]
[www.bupkis.org/indexe2aa.html]
[www.bupkis.org/indexf454.html]
[www.bupkis.org/index2c63.html]
[www.bupkis.org/index4720.html]
[www.bupkis.org/wp-content/uploads/russell-300x199.jpg]
[www.bupkis.org/index.php/friends/molson/russell.html]
[www.bupkis.org/index80e2.html]
[www.bupkis.org/cnyspca-outbound-link.html]
[www.bupkis.org/PSP-outbound-link.html]
[www.bupkis.org/quarrysidevet-outbound-link.html]
[www.bupkis.org/indexb998.html]
[www.bupkis.org/indexff23.html]
[www.bupkis.org/indexbbc7.html]
[www.bupkis.org/index3440.html]
[www.bupkis.org/baking-steel-outbound-link.html]
[www.bupkis.org/index7b17.html]
[www.bupkis.org/indexccf8.html]
[www.bupkis.org/index5579.html]
[www.bupkis.org/index31a3.html]
[www.bupkis.org/indexb8c4.html]
[www.bupkis.org/indexebb3.html]
[www.bupkis.org/indexc5de.html]
[www.bupkis.org/indexc04f.html]
[www.bupkis.org/index79c1.html]
[www.bupkis.org/index3d92.html]
[www.bupkis.org/indexbee1.html]
[www.bupkis.org/indexb950.html]
[www.bupkis.org/index0971.html]
[www.bupkis.org/index0e8b.html]
[www.bupkis.org/index1c00.html]
[www.bupkis.org/index2116.html]
[www.bupkis.org/indexa922.html]
[www.bupkis.org/index381f.html]
[www.bupkis.org/index6412.html]
[www.bupkis.org/index.php/recipes-2/sauces/tahini-sauce.html]
[www.bupkis.org/index1a90.html]
[www.bupkis.org/indexebd4.html]
[www.bupkis.org/index3ee1.html]
[www.bupkis.org/index7665.html]
[www.bupkis.org/indexbde5.html]
[www.bupkis.org/indexb202.html]
[www.bupkis.org/index5e74.html]
[www.bupkis.org/index678b.html]
[www.bupkis.org/index0735.html]
[www.bupkis.org/index4ff7.html]
[www.bupkis.org/index3b19.html]
[www.bupkis.org/index86fa.html]
[www.bupkis.org/index0c81.html]
[www.bupkis.org/index7255.html]
[www.bupkis.org/indexac3e.html]
[www.bupkis.org/indexdd5c.html]
[www.bupkis.org/index5636.html]
[www.bupkis.org/index486a.html]
[www.bupkis.org/index2e65.html]
[www.bupkis.org/index3cb6.html]
[www.bupkis.org/index4887.html]
[www.bupkis.org/indexbb46.html]
[www.bupkis.org/indexa1f1.html]
[www.bupkis.org/index856f.html]
[www.bupkis.org/indexaa28.html]
[www.bupkis.org/index17d5.html]
[www.bupkis.org/index9763.html]
[www.bupkis.org/index1611.html]
[www.bupkis.org/index1a26.html]
[www.bupkis.org/index5c90.html]
[www.bupkis.org/indexf408.html]
[www.bupkis.org/index452f.html]
[www.bupkis.org/indexaa0a.html]
[www.bupkis.org/index23dd.html]
[www.bupkis.org/index4ab3.html]
[www.bupkis.org/index94fb.html]
[www.bupkis.org/index382a.html]
[www.bupkis.org/index42dc.html]
[www.bupkis.org/indexbe44.html]
[www.bupkis.org/indexe2dc.html]
[www.bupkis.org/indexe2d5.html]
[www.bupkis.org/indexdf01.html]
[www.bupkis.org/indexadc6.html]
[www.bupkis.org/index6c46.html]
[www.bupkis.org/index2fa7.html]
[www.bupkis.org/indexdc22.html]
[www.bupkis.org/indexd508.html]
[www.bupkis.org/indexe389.html]
[www.bupkis.org/index7737.html]
[www.bupkis.org/index1ac3.html]
[www.bupkis.org/index3a58.html]
[www.bupkis.org/index9389.html]
[www.bupkis.org/index5364.html]
[www.bupkis.org/index389e.html]
[www.bupkis.org/indexfe24.html]
[www.bupkis.org/index028b.html]
[www.bupkis.org/index5646.html]
[www.bupkis.org/indexe1a1.html]
[www.bupkis.org/index1639.html]
[www.bupkis.org/indexbcd6.html]
[www.bupkis.org/indexcc0f.html]
[www.bupkis.org/index.php/recipes-2/make-your-own-sushi/sushi-rice.html]
[www.bupkis.org/indexf604.html]
[www.bupkis.org/index5294.html]
[www.bupkis.org/index2973.html]
[www.bupkis.org/xmlrpc.php]
[www.bupkis.org/indexc42e.html]
[www.bupkis.org/index49a5.html]
[www.bupkis.org/indexe95a.html]
[www.bupkis.org/index1c40.html]
[www.bupkis.org/indexf2a5.html]
[www.bupkis.org/index.php/epworth-sleepiness-test.html]
[www.bupkis.org/index2812.html]
[www.bupkis.org/index8769.html]
[www.terrys-service.com/wp-content/uploads/TerryMakingLatkes.webp]
[www.bupkis.org/indexbc9e.html]
[www.bupkis.org/index5576.html]
[www.bupkis.org/indexac6e.html]
[www.bupkis.org/wp-includes/css/dist/block-library/style.min9704.css]
[www.bupkis.org/wp-content/themes/generatepress/assets/css/unsemantic-grid.min9d52.css]
[www.bupkis.org/wp-includes/css/dist/block-library/style.min9704.css]
[www.bupkis.org/wp-content/themes/generatepress/assets/css/style.min9d52.css]
[www.bupkis.org/wp-content/themes/generatepress/assets/css/mobile.min9d52.css]
[www.bupkis.org/wp-content/themes/generatepress/assets/css/unsemantic-grid.min9d52.css]
[www.bupkis.org/wp-content/uploads/Pozole-1024x664.jpg]
[www.bupkis.org/wp-content/themes/generatepress/assets/css/components/font-icons.min9d52.css]
[www.bupkis.org/wp-content/themes/generatepress/assets/css/style.min9d52.css]
[www.bupkis.org/xmlrpc0db0.php]
[www.bupkis.org/wp-content/themes/generatepress/assets/js/menu.min9d52.js]
[www.bupkis.org/wp-content/themes/generatepress/assets/js/navigation-search.min9d52.js]
[www.bupkis.org/wp-content/themes/generatepress/assets/css/mobile.min9d52.css]
[www.bupkis.org/wp-content/uploads/molson.gif]
[www.bupkis.org/wp-content/themes/generatepress/assets/js/back-to-top.min9d52.js]
[www.bupkis.org/wp-content/uploads/russell.jpg]
[www.bupkis.org/wp-content/uploads/sammi-sleeping-on-couch-300x286.jpg]
[www.bupkis.org/wp-content/uploads/Potato_masher.jpg]
[www.bupkis.org/wp-content/uploads/Potato_masher-150x150.jpg]
[www.bupkis.org/wp-content/themes/generatepress/assets/fonts/generatepress.eot]
[www.bupkis.org/wp-content/uploads/tc-big-pizza-transparentBG.png]
[www.bupkis.org/wp-content/uploads/BakedStuffedShells.jpg]
[www.bupkis.org/wp-content/uploads/tc-pizza-transparentBG21.gif]
[www.bupkis.org/wp-content/uploads/TerryMakingLatkes-210x300.jpg]
[www.bupkis.org/wp-content/uploads/chicken-sausage-gumbo-ellb1002_hor.jpg]
[www.bupkis.org/wp-content/uploads/P1010251_2.jpg]
[www.bupkis.org/wp-content/uploads/IMG_20200601_180556974-scaled-e1606330597116.jpg]
[www.bupkis.org/wp-content/uploads/CrustyItalianLoaf.jpg]
[www.bupkis.org/wp-content/uploads/popcorn.jpg]
[www.bupkis.org/wp-content/uploads/tramontina-22-quart-stainless-steel-stockpot-300x300.jpg]
[www.bupkis.org/wp-content/uploads/challah_cropped-1024x292.jpg]
[www.bupkis.org/wp-content/uploads/popover_hand_800.jpg]
[www.bupkis.org/wp-content/uploads/chili_garlic_mustard-300x277.jpg]
[www.bupkis.org/wp-content/uploads/ciabatta.jpg]
[www.bupkis.org/wp-content/uploads/samsclub_roasted_chicken-300x300.jpg]
[www.bupkis.org/wp-content/uploads/terry_carmen_sushi-1024x531.jpg]
[www.bupkis.org/wp-content/uploads/zuppa_toscana-300x274.jpg]
[www.bupkis.org/wp-content/uploads/IMG_20170408_161322-579x1024.jpg]
[www.bupkis.org/wp-content/uploads/IMG_20170408_160448-579x1024.jpg]
[www.bupkis.org/wp-content/uploads/IMG_20170408_160534-579x1024.jpg]
[www.bupkis.org/wp-content/themes/generatepress/assets/css/components/font-icons.min9d52.css]
[www.bupkis.org/wp-content/uploads/h93Xaksl.jpg]
[www.bupkis.org/wp-content/uploads/cpap_comic.jpg]
[www.bupkis.org/index.php/friends.html]
[www.bupkis.org/index.php/friends.html]
[www.bupkis.org/wp-content/uploads/IMG_20170408_161156-579x1024.jpg]
[www.bupkis.org/wp-content/uploads/IMG_20170408_160946-579x1024.jpg]
[www.bupkis.org/wp-content/uploads/Chocolate-Cunk-Cookies-300x259.jpg]
[www.bupkis.org/wp-content/uploads/challah_cropped-e1612472285967.html]
[www.terrys-service.com/wp-content/uploads/TerryMakingLatkes.webp]
[www.bupkis.org/indexd030.html]
[www.bupkis.org/wp-content/uploads/KitchenBookshelf-1024x815.html]
[www.bupkis.org/indexf454.html]
[www.bupkis.org/index2c63.html]
[www.bupkis.org/wp-content/uploads/Sammi-Snoozin-1024x797.html]
[www.bupkis.org/wp-content/uploads/Sammi-Snoozin.html]
[www.bupkis.org/wp-content/uploads/sammi-sleeping-on-couch.html]
[www.bupkis.org/cnyspca-outbound-link.html]
[www.bupkis.org/indexb998.html]
[www.bupkis.org/wp-content/uploads/tc-big-pizza-transparentBG1.html]
[www.bupkis.org/wp-content/uploads/tc-pizza-transparentBG-300x168.html]
[www.bupkis.org/indexccf8.html]
[www.bupkis.org/indexc04f.html]
[www.bupkis.org/indexb950.html]
[www.bupkis.org/index2116.html]
[www.bupkis.org/indexbb46.html]
[www.bupkis.org/index17d5.html]
[www.bupkis.org/wp-content/uploads/CrumbShot.html]
[www.bupkis.org/wp-content/uploads/challah_cropped.html]
[www.bupkis.org/index1a26.html]
[www.bupkis.org/index5c90.html]
[www.bupkis.org/index452f.html]
[www.bupkis.org/index382a.html]
[www.bupkis.org/index5646.html]
[www.bupkis.org/index1639.html]
[www.bupkis.org/indexbcd6.html]
[www.bupkis.org/wp-content/uploads/IMG_20170408_161219-579x1024.html]
[www.bupkis.org/index1c40.html]
[www.bupkis.org/indexf2a5.html]
[www.bupkis.org/index2812.html]
[www.bupkis.org/indexbc9e.html]
[www.bupkis.org/wp-content/uploads/russell-300x199.html]
[www.bupkis.org/wp-content/themes/generatepress/assets/fonts/generatepress-3.html]
[www.bupkis.org/wp-content/themes/generatepress/assets/fonts/generatepress.html]
[www.bupkis.org/wp-content/themes/generatepress/assets/fonts/generatepress-2.html]
[www.bupkis.org/wp-content/themes/generatepress/assets/fonts/generatepress-4.html]
